TAP version 13
# Subtest: CLI Integration Tests
    # Subtest: --help
        # Subtest: should display help information
        ok 1 - should display help information
          ---
          duration_ms: 158.3396
          type: 'test'
          ...
        1..1
    ok 1 - --help
      ---
      duration_ms: 159.0465
      type: 'suite'
      ...
    # Subtest: --version
        # Subtest: should display version from package.json
        ok 1 - should display version from package.json
          ---
          duration_ms: 135.5383
          type: 'test'
          ...
        1..1
    ok 2 - --version
      ---
      duration_ms: 135.7023
      type: 'suite'
      ...
    # Subtest: list command
        # Subtest: should list available categories
        ok 1 - should list available categories
          ---
          duration_ms: 151.2666
          type: 'test'
          ...
        # Subtest: should show skill counts
        ok 2 - should show skill counts
          ---
          duration_ms: 147.6184
          type: 'test'
          ...
        # Subtest: should support --verbose flag
        ok 3 - should support --verbose flag
          ---
          duration_ms: 163.8693
          type: 'test'
          ...
        1..3
    ok 3 - list command
      ---
      duration_ms: 463.373
      type: 'suite'
      ...
    # Subtest: init command
        # Subtest: should initialize skills in test workspace
        ok 1 - should initialize skills in test workspace
          ---
          duration_ms: 204.2542
          type: 'test'
          ...
        # Subtest: should skip existing skills without --force
        ok 2 - should skip existing skills without --force
          ---
          duration_ms: 144.9735
          type: 'test'
          ...
        # Subtest: should overwrite with --force flag
        ok 3 - should overwrite with --force flag
          ---
          duration_ms: 203.6995
          type: 'test'
          ...
        1..3
    ok 4 - init command
      ---
      duration_ms: 553.7346
      type: 'suite'
      ...
    # Subtest: add command
        # Subtest: should add a specific category
        ok 1 - should add a specific category
          ---
          duration_ms: 149.0374
          type: 'test'
          ...
        # Subtest: should error on invalid category
        ok 2 - should error on invalid category
          ---
          duration_ms: 140.3124
          type: 'test'
          ...
        1..2
    ok 5 - add command
      ---
      duration_ms: 302.5397
      type: 'suite'
      ...
    # Subtest: remove command
        # Subtest: should remove an installed category
        ok 1 - should remove an installed category
          ---
          duration_ms: 254.2324
          type: 'test'
          ...
        # Subtest: should error on non-installed category
        ok 2 - should error on non-installed category
          ---
          duration_ms: 113.6329
          type: 'test'
          ...
        1..2
    ok 6 - remove command
      ---
      duration_ms: 368.0343
      type: 'suite'
      ...
    # Subtest: update command
        # Subtest: should update installed skills
        ok 1 - should update installed skills
          ---
          duration_ms: 331.7637
          type: 'test'
          ...
        1..1
    ok 7 - update command
      ---
      duration_ms: 331.9167
      type: 'suite'
      ...
    1..7
ok 1 - CLI Integration Tests
  ---
  duration_ms: 2341.3563
  type: 'suite'
  ...
1..1
# tests 13
# suites 8
# pass 13
# fail 0
# cancelled 0
# skipped 0
# todo 0
# duration_ms 2713.9325
